// Jest Snapshot v1, https://goo.gl/fbAQLP

exports[`should match snapshot 1`] = `
<RCTScrollView
  data={
    Array [
      1,
      2,
      3,
      4,
    ]
  }
  disableVirtualization={false}
  getItem={[Function]}
  getItemCount={[Function]}
  horizontal={false}
  initialNumToRender={10}
  keyExtractor={[Function]}
  maxToRenderPerBatch={10}
  numColumns={1}
  onContentSizeChange={[Function]}
  onEndReachedThreshold={2}
  onLayout={[Function]}
  onMomentumScrollEnd={[Function]}
  onScroll={[Function]}
  onScrollBeginDrag={[Function]}
  onScrollEndDrag={[Function]}
  renderItem={[Function]}
  scrollEventThrottle={50}
  stickyHeaderIndices={Array []}
  updateCellsBatchingPeriod={50}
  viewabilityConfigCallbackPairs={Array []}
  windowSize={21}
>
  <View>
    <View
      onLayout={[Function]}
      style={null}
    >
      <View
        style={
          Object {
            "alignItems": "center",
            "display": "flex",
            "flexDirection": "row",
            "height": 50,
            "justifyContent": "space-between",
            "width": "100%",
          }
        }
      >
        <Text
          accessible={true}
          allowFontScaling={true}
          ellipsizeMode="tail"
          style={undefined}
        >
          Game #undefined
        </Text>
        <View
          accessibilityComponentType="button"
          accessibilityLabel={undefined}
          accessibilityTraits={
            Array [
              "button",
            ]
          }
          accessible={true}
          collapsable={undefined}
          hitSlop={undefined}
          isTVSelectable={true}
          nativeID={undefined}
          onLayout={undefined}
          onResponderGrant={[Function]}
          onResponderMove={[Function]}
          onResponderRelease={[Function]}
          onResponderTerminate={[Function]}
          onResponderTerminationRequest={[Function]}
          onStartShouldSetResponder={[Function]}
          style={
            Object {
              "opacity": 1,
            }
          }
          testID={undefined}
          tvParallaxProperties={undefined}
        >
          <View
            style={
              Array [
                Object {},
              ]
            }
          >
            <Text
              accessible={true}
              allowFontScaling={true}
              disabled={undefined}
              ellipsizeMode="tail"
              style={
                Array [
                  Object {
                    "color": "#007AFF",
                    "fontSize": 18,
                    "padding": 8,
                    "textAlign": "center",
                  },
                ]
              }
            >
              Join this game
            </Text>
          </View>
        </View>
      </View>
    </View>
    <View
      onLayout={[Function]}
      style={null}
    >
      <View
        style={
          Object {
            "alignItems": "center",
            "display": "flex",
            "flexDirection": "row",
            "height": 50,
            "justifyContent": "space-between",
            "width": "100%",
          }
        }
      >
        <Text
          accessible={true}
          allowFontScaling={true}
          ellipsizeMode="tail"
          style={undefined}
        >
          Game #undefined
        </Text>
        <View
          accessibilityComponentType="button"
          accessibilityLabel={undefined}
          accessibilityTraits={
            Array [
              "button",
            ]
          }
          accessible={true}
          collapsable={undefined}
          hitSlop={undefined}
          isTVSelectable={true}
          nativeID={undefined}
          onLayout={undefined}
          onResponderGrant={[Function]}
          onResponderMove={[Function]}
          onResponderRelease={[Function]}
          onResponderTerminate={[Function]}
          onResponderTerminationRequest={[Function]}
          onStartShouldSetResponder={[Function]}
          style={
            Object {
              "opacity": 1,
            }
          }
          testID={undefined}
          tvParallaxProperties={undefined}
        >
          <View
            style={
              Array [
                Object {},
              ]
            }
          >
            <Text
              accessible={true}
              allowFontScaling={true}
              disabled={undefined}
              ellipsizeMode="tail"
              style={
                Array [
                  Object {
                    "color": "#007AFF",
                    "fontSize": 18,
                    "padding": 8,
                    "textAlign": "center",
                  },
                ]
              }
            >
              Join this game
            </Text>
          </View>
        </View>
      </View>
    </View>
    <View
      onLayout={[Function]}
      style={null}
    >
      <View
        style={
          Object {
            "alignItems": "center",
            "display": "flex",
            "flexDirection": "row",
            "height": 50,
            "justifyContent": "space-between",
            "width": "100%",
          }
        }
      >
        <Text
          accessible={true}
          allowFontScaling={true}
          ellipsizeMode="tail"
          style={undefined}
        >
          Game #undefined
        </Text>
        <View
          accessibilityComponentType="button"
          accessibilityLabel={undefined}
          accessibilityTraits={
            Array [
              "button",
            ]
          }
          accessible={true}
          collapsable={undefined}
          hitSlop={undefined}
          isTVSelectable={true}
          nativeID={undefined}
          onLayout={undefined}
          onResponderGrant={[Function]}
          onResponderMove={[Function]}
          onResponderRelease={[Function]}
          onResponderTerminate={[Function]}
          onResponderTerminationRequest={[Function]}
          onStartShouldSetResponder={[Function]}
          style={
            Object {
              "opacity": 1,
            }
          }
          testID={undefined}
          tvParallaxProperties={undefined}
        >
          <View
            style={
              Array [
                Object {},
              ]
            }
          >
            <Text
              accessible={true}
              allowFontScaling={true}
              disabled={undefined}
              ellipsizeMode="tail"
              style={
                Array [
                  Object {
                    "color": "#007AFF",
                    "fontSize": 18,
                    "padding": 8,
                    "textAlign": "center",
                  },
                ]
              }
            >
              Join this game
            </Text>
          </View>
        </View>
      </View>
    </View>
    <View
      onLayout={[Function]}
      style={null}
    >
      <View
        style={
          Object {
            "alignItems": "center",
            "display": "flex",
            "flexDirection": "row",
            "height": 50,
            "justifyContent": "space-between",
            "width": "100%",
          }
        }
      >
        <Text
          accessible={true}
          allowFontScaling={true}
          ellipsizeMode="tail"
          style={undefined}
        >
          Game #undefined
        </Text>
        <View
          accessibilityComponentType="button"
          accessibilityLabel={undefined}
          accessibilityTraits={
            Array [
              "button",
            ]
          }
          accessible={true}
          collapsable={undefined}
          hitSlop={undefined}
          isTVSelectable={true}
          nativeID={undefined}
          onLayout={undefined}
          onResponderGrant={[Function]}
          onResponderMove={[Function]}
          onResponderRelease={[Function]}
          onResponderTerminate={[Function]}
          onResponderTerminationRequest={[Function]}
          onStartShouldSetResponder={[Function]}
          style={
            Object {
              "opacity": 1,
            }
          }
          testID={undefined}
          tvParallaxProperties={undefined}
        >
          <View
            style={
              Array [
                Object {},
              ]
            }
          >
            <Text
              accessible={true}
              allowFontScaling={true}
              disabled={undefined}
              ellipsizeMode="tail"
              style={
                Array [
                  Object {
                    "color": "#007AFF",
                    "fontSize": 18,
                    "padding": 8,
                    "textAlign": "center",
                  },
                ]
              }
            >
              Join this game
            </Text>
          </View>
        </View>
      </View>
    </View>
  </View>
</RCTScrollView>
`;
